f1:w obs:null 

name:w
field:f1
direction:Neutral
points:0
pushforce:10.0

f1:w obs:null 

name:w
field:f1
direction:Right
points:0
pushforce:10.0

