f0:w1 f1:box f2:w2 f3:w3 f4:null 

f0:w1 f1:box f2:w2 f3:w3 f4:null 

