f0:w1 f1:w2 bf:box f2:null 

name:w1
field:f0
direction:Neutral
points:1
pushforce:10.0

name:w2
field:f1
direction:Neutral
points:0
pushforce:10.0

name:box
field:bf
direction:Neutral
owner:w1
pusher:null

f0:w1 f1:null bf:w2 f2:box 

name:w1
field:f0
direction:Neutral
points:1
pushforce:10.0

name:w2
field:bf
direction:Right
points:0
pushforce:10.0

name:box
field:f2
direction:Right
owner:w1
pusher:w2

