f0:w f1:box1 f2:box2 bf:null 

name:w
field:f0
direction:Neutral
points:0
pushforce:10.0

name:box1
field:f1
direction:Neutral
owner:null
pusher:null

name:box2
field:f2
direction:Neutral
owner:null
pusher:null

f0:null f1:w f2:box1 bf:box2 

name:w
field:f1
direction:Right
points:1
pushforce:10.0

name:box1
field:f2
direction:Right
owner:null
pusher:w

name:box2
field:bf
direction:Right
owner:w
pusher:w

