f0:w1 f1:box1 f2:w2 f3:box2 bf:null 

name:w1
field:f0
direction:Neutral
points:0
pushforce:10.0

name:w2
field:f2
direction:Neutral
points:0
pushforce:10.0

name:box1
field:f1
direction:Neutral
owner:null
pusher:null

name:box2
field:f3
direction:Neutral
owner:null
pusher:null

f0:null f1:w1 f2:box1 f3:w2 bf:box2 

name:w1
field:f1
direction:Right
points:0
pushforce:10.0

name:w2
field:f3
direction:Right
points:1
pushforce:10.0

name:box1
field:f2
direction:Right
owner:null
pusher:w1

name:box2
field:bf
direction:Right
owner:w2
pusher:w2

