f1:w f2:box bf:null 

name:w
field:f1
direction:Neutral
points:1
pushforce:10.0

name:box
field:f2
direction:Neutral
owner:w
pusher:null

f1:null f2:w bf:box 

name:w
field:f2
direction:Right
points:2
pushforce:10.0

name:box
field:bf
direction:Right
owner:w
pusher:w

