f1:w shole:null 

name:w
field:f1
direction:Neutral
points:0
pushforce:10.0

name:shole
friction:Normal
thing:null
open:true

f1:null shole:null 

name:w
field:null
direction:Right
points:0
pushforce:10.0

name:shole
friction:Normal
thing:null
open:true

