f1:w hole:null 

name:w
field:f1
direction:Neutral
points:0
pushforce:10.0

f1:null hole:null 

name:w
field:null
direction:Right
points:0
pushforce:10.0

