f1:w f2:null 

name:w
field:f1
direction:Neutral
points:0
pushforce:10.0

f1:null f2:w 

name:w
field:f2
direction:Right
points:0
pushforce:10.0

