f0:w f1:box1 f2:box2 f3:box3 f4:null 

name:f1
friction:Honey
thing:box1

name:f2
friction:Oil
thing:box2

name:f3
friction:Normal
thing:box3

f0:null f1:w f2:box1 f3:box2 f4:box3 

