f1:w1 f2:box f3:w2 f4:null 

f1:null f2:w1 f3:box f4:w2 

