f1:w shole:null 

name:w
field:f1
direction:Neutral
points:0
pushforce:10.0

f1:null shole:w 

name:w
field:shole
direction:Right
points:0
pushforce:10.0

