f1:w f2:box shole:null 

name:w
field:f1
direction:Neutral
points:0
pushforce:10.0

name:box
field:f2
direction:Neutral
owner:null
pusher:null

name:shole
friction:Normal
thing:null
open:false

f1:null f2:w shole:box 

name:w
field:f2
direction:Right
points:0
pushforce:10.0

name:box
field:shole
direction:Right
owner:null
pusher:w

name:shole
friction:Normal
thing:box
open:false

