f1:w1 f2:w2 f3:box f4:w2 

f1:w1 f2:w2 f3:box f4:w2 

