f1:w 

name:f1
friction:Normal
thing:w

name:f1
friction:Honey
thing:w

